{"ts":"2026-05-27T16:45:32.077Z","event":"session_start","unity":"6000.5.0b7"}
{"ts":"2026-05-27T16:45:32.074Z","tool":"read_console","type":"tool","status":"SUCCESS","ms":13,"action":"get","params":{"action":"get","types":["error"],"count":20,"format":"detailed","includeStacktrace":true}}
{"ts":"2026-05-27T16:45:35.779Z","tool":"get_tests","type":"resource","status":"SUCCESS","ms":3090,"params":{}}
{"ts":"2026-05-27T16:45:36.475Z","tool":"get_tests","type":"resource","status":"SUCCESS","ms":2607,"params":{}}
{"ts":"2026-05-27T16:45:37.169Z","tool":"get_tests","type":"resource","status":"SUCCESS","ms":1999,"params":{}}
{"ts":"2026-05-27T16:45:37.690Z","tool":"get_tests","type":"resource","status":"SUCCESS","ms":1313,"params":{}}
{"ts":"2026-05-27T16:45:38.248Z","tool":"get_tests","type":"resource","status":"SUCCESS","ms":556,"params":{}}
{"ts":"2026-05-27T16:46:12.008Z","tool":"run_tests","type":"tool","status":"SUCCESS","ms":108,"params":{"mode":"EditMode","assemblyNames":["StaticMlp.Tests.Settlement","StaticMlp.Tests.ResourcesInventoryMinimal","StaticMlp.Tests.OpenWorldResources","StaticMlp.Tests.OpenWorldGeneration","StaticMlp.Tests.Npc","StaticMlp.Tests.Loadout","StaticMlp.Tests.CombatDirector","StaticMlp.Tests.Combat","StaticMlp.Tests.Ai"],"includeFailedTests":true,"initTimeout":120000}}
{"ts":"2026-05-27T16:46:15.626Z","tool":"get_test_job","type":"tool","status":"SUCCESS","ms":1,"params":{"job_id":"d549904fda2c4a44bf077844548590e4","includeFailedTests":true}}
{"ts":"2026-05-27T16:46:18.350Z","tool":"get_test_job","type":"tool","status":"SUCCESS","ms":0,"params":{"job_id":"d549904fda2c4a44bf077844548590e4","includeFailedTests":true}}
{"ts":"2026-05-27T16:46:22.298Z","tool":"get_test_job","type":"tool","status":"SUCCESS","ms":0,"params":{"job_id":"d549904fda2c4a44bf077844548590e4","includeFailedTests":true}}
{"ts":"2026-05-27T16:46:22.800Z","tool":"get_test_job","type":"tool","status":"SUCCESS","ms":0,"params":{"job_id":"d549904fda2c4a44bf077844548590e4","includeFailedTests":true}}
{"ts":"2026-05-27T16:46:25.197Z","tool":"get_test_job","type":"tool","status":"SUCCESS","ms":0,"params":{"job_id":"d549904fda2c4a44bf077844548590e4","includeFailedTests":true}}
{"ts":"2026-05-27T16:46:27.235Z","tool":"get_test_job","type":"tool","status":"SUCCESS","ms":0,"params":{"job_id":"d549904fda2c4a44bf077844548590e4","includeFailedTests":true}}
{"ts":"2026-05-27T16:46:29.646Z","tool":"get_test_job","type":"tool","status":"SUCCESS","ms":0,"params":{"job_id":"d549904fda2c4a44bf077844548590e4","includeFailedTests":true}}
{"ts":"2026-05-27T16:50:26.097Z","tool":"refresh_unity","type":"tool","status":"SUCCESS","ms":4,"params":{"mode":"if_dirty","scope":"scripts","compile":"request","wait_for_ready":true}}
{"ts":"2026-05-27T16:51:22.353Z","tool":"read_console","type":"tool","status":"SUCCESS","ms":16,"action":"get","params":{"action":"get","types":["error"],"count":20,"format":"detailed","includeStacktrace":true}}
{"ts":"2026-05-27T16:51:42.499Z","tool":"refresh_unity","type":"tool","status":"SUCCESS","ms":0,"params":{"mode":"if_dirty","scope":"scripts","compile":"request","wait_for_ready":true}}
{"ts":"2026-05-27T16:52:00.164Z","tool":"read_console","type":"tool","status":"SUCCESS","ms":8,"action":"get","params":{"action":"get","types":["error"],"count":20,"format":"detailed","includeStacktrace":true}}
{"ts":"2026-05-27T16:52:22.613Z","tool":"refresh_unity","type":"tool","status":"SUCCESS","ms":1220,"params":{"mode":"force","scope":"all","compile":"request","wait_for_ready":true}}
{"ts":"2026-05-27T16:52:45.795Z","event":"session_start","unity":"6000.5.0b7"}
{"ts":"2026-05-27T16:52:45.791Z","tool":"read_console","type":"tool","status":"SUCCESS","ms":17,"action":"get","params":{"action":"get","types":["error"],"count":20,"format":"detailed","includeStacktrace":true}}
{"ts":"2026-05-27T16:52:51.888Z","tool":"read_console","type":"tool","status":"SUCCESS","ms":0,"action":"clear","params":{"action":"clear","types":["error","warning","log"],"count":null,"format":"plain","includeStacktrace":false}}
{"ts":"2026-05-27T16:53:07.489Z","tool":"run_tests","type":"tool","status":"SUCCESS","ms":113,"params":{"mode":"EditMode","assemblyNames":["StaticMlp.Tests.Combat","StaticMlp.Tests.CombatDirector","StaticMlp.Tests.Ai"],"includeFailedTests":true,"initTimeout":120000}}
{"ts":"2026-05-27T16:53:13.731Z","tool":"get_test_job","type":"tool","status":"SUCCESS","ms":1,"params":{"job_id":"ff5e1fa63cdf4122ab33299c0ec1cd90","includeFailedTests":true}}
{"ts":"2026-05-27T16:53:18.535Z","tool":"get_test_job","type":"tool","status":"SUCCESS","ms":0,"params":{"job_id":"ff5e1fa63cdf4122ab33299c0ec1cd90","includeFailedTests":true}}
{"ts":"2026-05-27T16:53:21.285Z","tool":"get_test_job","type":"tool","status":"SUCCESS","ms":0,"params":{"job_id":"ff5e1fa63cdf4122ab33299c0ec1cd90","includeFailedTests":true}}
{"ts":"2026-05-27T16:53:23.317Z","tool":"get_test_job","type":"tool","status":"SUCCESS","ms":0,"params":{"job_id":"ff5e1fa63cdf4122ab33299c0ec1cd90","includeFailedTests":true}}
{"ts":"2026-05-27T16:53:42.486Z","tool":"run_tests","type":"tool","status":"SUCCESS","ms":81,"params":{"mode":"EditMode","testNames":["StaticMlp.Tests.Combat.CampFlowRepairFlowTests.DepositConstructionResourcesRequestCodec_RoundTripsResourceArray","StaticMlp.Tests.Combat.CampFlowRepairFlowTests.DepositConstructionResourcesResultCodec_RoundTripsAcceptedResourceArray"],"includeFailedTests":true,"includeDetails":true,"initTimeout":120000}}
{"ts":"2026-05-27T16:53:47.049Z","tool":"get_test_job","type":"tool","status":"SUCCESS","ms":0,"params":{"job_id":"85947359f86d4b56adc970dc05c442dd","includeFailedTests":true,"includeDetails":true}}
{"ts":"2026-05-27T16:53:51.732Z","tool":"read_console","type":"tool","status":"SUCCESS","ms":29,"action":"get","params":{"action":"get","types":["error"],"count":50,"format":"detailed","includeStacktrace":true}}
{"ts":"2026-05-27T16:55:06.275Z","tool":"refresh_unity","type":"tool","status":"SUCCESS","ms":4,"params":{"mode":"if_dirty","scope":"scripts","compile":"request","wait_for_ready":true}}
{"ts":"2026-05-27T16:55:31.694Z","event":"session_start","unity":"6000.5.0b7"}
{"ts":"2026-05-27T16:55:31.691Z","tool":"read_console","type":"tool","status":"SUCCESS","ms":2,"action":"clear","params":{"action":"clear","types":["error","warning","log"],"count":null,"format":"plain","includeStacktrace":false}}
{"ts":"2026-05-27T16:56:02.720Z","tool":"run_tests","type":"tool","status":"SUCCESS","ms":101,"params":{"mode":"EditMode","testNames":["StaticMlp.Tests.Combat.CampFlowRepairFlowTests.DepositConstructionResourcesRequestCodec_RoundTripsResourceArray","StaticMlp.Tests.Combat.CampFlowRepairFlowTests.DepositConstructionResourcesResultCodec_RoundTripsAcceptedResourceArray"],"includeFailedTests":true,"initTimeout":120000}}
{"ts":"2026-05-27T16:56:32.991Z","tool":"get_test_job","type":"tool","status":"SUCCESS","ms":1,"params":{"job_id":"b4583abc84ef4d44a5c8e43ec5bd1188","includeFailedTests":true}}
{"ts":"2026-05-27T16:56:39.385Z","tool":"read_console","type":"tool","status":"SUCCESS","ms":14,"action":"get","params":{"action":"get","types":["error"],"count":30,"format":"detailed","includeStacktrace":true}}
{"ts":"2026-05-27T16:58:26.426Z","tool":"refresh_unity","type":"tool","status":"SUCCESS","ms":4,"params":{"mode":"if_dirty","scope":"scripts","compile":"request","wait_for_ready":true}}
{"ts":"2026-05-27T16:58:52.012Z","event":"session_start","unity":"6000.5.0b7"}
{"ts":"2026-05-27T16:58:52.010Z","tool":"read_console","type":"tool","status":"SUCCESS","ms":15,"action":"get","params":{"action":"get","types":["error"],"count":20,"format":"detailed","includeStacktrace":true}}
{"ts":"2026-05-27T16:58:55.182Z","tool":"read_console","type":"tool","status":"SUCCESS","ms":0,"action":"clear","params":{"action":"clear","types":["error","warning","log"],"count":null,"format":"plain","includeStacktrace":false}}
{"ts":"2026-05-27T16:59:13.943Z","tool":"run_tests","type":"tool","status":"SUCCESS","ms":101,"params":{"mode":"EditMode","testNames":["StaticMlp.Tests.Combat.CampFlowRepairFlowTests.DepositConstructionResourcesRequestCodec_RoundTripsResourceArray","StaticMlp.Tests.Combat.CampFlowRepairFlowTests.DepositConstructionResourcesResultCodec_RoundTripsAcceptedResourceArray"],"includeFailedTests":true,"initTimeout":120000}}
{"ts":"2026-05-27T16:59:20.587Z","tool":"get_test_job","type":"tool","status":"SUCCESS","ms":2,"params":{"job_id":"24dd7c6075b84cec891fd90df47fb60b","includeFailedTests":true}}
{"ts":"2026-05-27T16:59:25.180Z","tool":"read_console","type":"tool","status":"SUCCESS","ms":0,"action":"clear","params":{"action":"clear","types":["error","warning","log"],"count":null,"format":"plain","includeStacktrace":false}}
{"ts":"2026-05-27T16:59:43.623Z","tool":"run_tests","type":"tool","status":"SUCCESS","ms":77,"params":{"mode":"EditMode","assemblyNames":["StaticMlp.Tests.Combat","StaticMlp.Tests.CombatDirector","StaticMlp.Tests.Ai"],"includeFailedTests":true,"initTimeout":120000}}
{"ts":"2026-05-27T16:59:47.254Z","tool":"get_test_job","type":"tool","status":"SUCCESS","ms":0,"params":{"job_id":"1ebabc3e2dc64ff49c32a187b4c74be1","includeFailedTests":true}}
{"ts":"2026-05-27T16:59:49.581Z","tool":"get_test_job","type":"tool","status":"SUCCESS","ms":0,"params":{"job_id":"1ebabc3e2dc64ff49c32a187b4c74be1","includeFailedTests":true}}
{"ts":"2026-05-27T16:59:53.241Z","tool":"get_test_job","type":"tool","status":"SUCCESS","ms":0,"params":{"job_id":"1ebabc3e2dc64ff49c32a187b4c74be1","includeFailedTests":true}}
{"ts":"2026-05-27T16:59:56.189Z","tool":"get_test_job","type":"tool","status":"SUCCESS","ms":0,"params":{"job_id":"1ebabc3e2dc64ff49c32a187b4c74be1","includeFailedTests":true}}
{"ts":"2026-05-27T16:59:58.255Z","tool":"get_test_job","type":"tool","status":"SUCCESS","ms":0,"params":{"job_id":"1ebabc3e2dc64ff49c32a187b4c74be1","includeFailedTests":true}}
{"ts":"2026-05-27T17:00:01.854Z","tool":"read_console","type":"tool","status":"SUCCESS","ms":0,"action":"clear","params":{"action":"clear","types":["error","warning","log"],"count":null,"format":"plain","includeStacktrace":false}}
{"ts":"2026-05-27T17:00:19.995Z","tool":"run_tests","type":"tool","status":"SUCCESS","ms":81,"params":{"mode":"EditMode","assemblyNames":["StaticMlp.Tests.Settlement","StaticMlp.Tests.ResourcesInventoryMinimal","StaticMlp.Tests.OpenWorldResources","StaticMlp.Tests.OpenWorldGeneration","StaticMlp.Tests.Npc","StaticMlp.Tests.Loadout","StaticMlp.Tests.CombatDirector","StaticMlp.Tests.Combat","StaticMlp.Tests.Ai"],"includeFailedTests":true,"initTimeout":120000}}
{"ts":"2026-05-27T17:00:23.671Z","tool":"get_test_job","type":"tool","status":"SUCCESS","ms":0,"params":{"job_id":"52e2652a63d24b35a867e9b51da6f50e","includeFailedTests":true}}
{"ts":"2026-05-27T17:00:26.011Z","tool":"get_test_job","type":"tool","status":"SUCCESS","ms":0,"params":{"job_id":"52e2652a63d24b35a867e9b51da6f50e","includeFailedTests":true}}
{"ts":"2026-05-27T17:00:29.079Z","tool":"get_test_job","type":"tool","status":"SUCCESS","ms":0,"params":{"job_id":"52e2652a63d24b35a867e9b51da6f50e","includeFailedTests":true}}
{"ts":"2026-05-27T17:00:31.485Z","tool":"get_test_job","type":"tool","status":"SUCCESS","ms":0,"params":{"job_id":"52e2652a63d24b35a867e9b51da6f50e","includeFailedTests":true}}
{"ts":"2026-05-27T17:00:33.528Z","tool":"get_test_job","type":"tool","status":"SUCCESS","ms":0,"params":{"job_id":"52e2652a63d24b35a867e9b51da6f50e","includeFailedTests":true}}
{"ts":"2026-05-27T17:00:35.594Z","tool":"get_test_job","type":"tool","status":"SUCCESS","ms":0,"params":{"job_id":"52e2652a63d24b35a867e9b51da6f50e","includeFailedTests":true}}
{"ts":"2026-05-27T17:02:48.437Z","tool":"refresh_unity","type":"tool","status":"SUCCESS","ms":4,"params":{"mode":"if_dirty","scope":"scripts","compile":"request","wait_for_ready":true}}
{"ts":"2026-05-27T17:03:10.508Z","event":"session_start","unity":"6000.5.0b7"}
{"ts":"2026-05-27T17:03:10.506Z","tool":"read_console","type":"tool","status":"SUCCESS","ms":16,"action":"get","params":{"action":"get","types":["error"],"count":20,"format":"detailed","includeStacktrace":true}}
{"ts":"2026-05-27T17:03:14.708Z","tool":"read_console","type":"tool","status":"SUCCESS","ms":0,"action":"clear","params":{"action":"clear","types":["error","warning","log"],"count":null,"format":"plain","includeStacktrace":false}}
{"ts":"2026-05-27T17:03:33.887Z","tool":"run_tests","type":"tool","status":"SUCCESS","ms":130,"params":{"mode":"EditMode","assemblyNames":["StaticMlp.Tests.OpenWorldResources","StaticMlp.Tests.ResourcesInventoryMinimal","StaticMlp.Tests.Settlement"],"includeFailedTests":true,"initTimeout":120000}}
{"ts":"2026-05-27T17:03:38.109Z","tool":"get_test_job","type":"tool","status":"SUCCESS","ms":1,"params":{"job_id":"7538aeac53dc4ab1a7dff8030c306df5","includeFailedTests":true}}
{"ts":"2026-05-27T17:03:40.549Z","tool":"get_test_job","type":"tool","status":"SUCCESS","ms":1,"params":{"job_id":"7538aeac53dc4ab1a7dff8030c306df5","includeFailedTests":true}}
{"ts":"2026-05-27T17:03:44.893Z","tool":"read_console","type":"tool","status":"SUCCESS","ms":0,"action":"clear","params":{"action":"clear","types":["error","warning","log"],"count":null,"format":"plain","includeStacktrace":false}}
{"ts":"2026-05-27T17:04:03.236Z","tool":"run_tests","type":"tool","status":"SUCCESS","ms":83,"params":{"mode":"EditMode","assemblyNames":["StaticMlp.Tests.Settlement","StaticMlp.Tests.ResourcesInventoryMinimal","StaticMlp.Tests.OpenWorldResources","StaticMlp.Tests.OpenWorldGeneration","StaticMlp.Tests.Npc","StaticMlp.Tests.Loadout","StaticMlp.Tests.CombatDirector","StaticMlp.Tests.Combat","StaticMlp.Tests.Ai"],"includeFailedTests":true,"initTimeout":120000}}
{"ts":"2026-05-27T17:04:07.522Z","tool":"get_test_job","type":"tool","status":"SUCCESS","ms":0,"params":{"job_id":"724f754e9859487697e798411aa58403","includeFailedTests":true}}
{"ts":"2026-05-27T17:04:09.886Z","tool":"get_test_job","type":"tool","status":"SUCCESS","ms":0,"params":{"job_id":"724f754e9859487697e798411aa58403","includeFailedTests":true}}
{"ts":"2026-05-27T17:04:13.499Z","tool":"get_test_job","type":"tool","status":"SUCCESS","ms":0,"params":{"job_id":"724f754e9859487697e798411aa58403","includeFailedTests":true}}
{"ts":"2026-05-27T17:04:15.980Z","tool":"get_test_job","type":"tool","status":"SUCCESS","ms":0,"params":{"job_id":"724f754e9859487697e798411aa58403","includeFailedTests":true}}
{"ts":"2026-05-27T17:04:18.084Z","tool":"get_test_job","type":"tool","status":"SUCCESS","ms":0,"params":{"job_id":"724f754e9859487697e798411aa58403","includeFailedTests":true}}
{"ts":"2026-05-27T17:04:20.140Z","tool":"get_test_job","type":"tool","status":"SUCCESS","ms":0,"params":{"job_id":"724f754e9859487697e798411aa58403","includeFailedTests":true}}
